240 -120 -117 -48 90 -13 -20 -11 44 -42 18 24 -3 -7 -14 -1 2 2 1 1
